[ 2025-04-05 10:11:19,631 ] 1025 httpx - INFO - HTTP Request: GET https://dagshub.com/api/v1/user "HTTP/1.1 200 OK"
[ 2025-04-05 10:11:19,636 ] 107 dagshub - INFO - Accessing as akshan09061999
[ 2025-04-05 10:11:21,177 ] 1025 httpx - INFO - HTTP Request: GET https://dagshub.com/api/v1/repos/akshan09061999/networksecurity "HTTP/1.1 200 OK"
[ 2025-04-05 10:11:21,898 ] 1025 httpx - INFO - HTTP Request: GET https://dagshub.com/api/v1/user "HTTP/1.1 200 OK"
[ 2025-04-05 10:11:21,902 ] 107 dagshub - INFO - Initialized MLflow to track repo "akshan09061999/networksecurity"
[ 2025-04-05 10:11:21,904 ] 107 dagshub - INFO - Repository akshan09061999/networksecurity initialized!
[ 2025-04-05 10:11:21,932 ] 18 root - INFO - Initiate the data ingestion
[ 2025-04-05 10:11:27,538 ] 65 root - INFO - Performed train test split on the dataframe
[ 2025-04-05 10:11:27,538 ] 67 root - INFO - Exited split_data_as_train_test method of Data_Ingestion class
[ 2025-04-05 10:11:27,539 ] 75 root - INFO - Exporting train and test file path.
[ 2025-04-05 10:11:27,583 ] 84 root - INFO - Exported train and test file path.
[ 2025-04-05 10:11:27,584 ] 20 root - INFO - Data ingestion completed
[ 2025-04-05 10:11:27,590 ] 24 root - INFO - Initiate the data validation
[ 2025-04-05 10:11:27,711 ] 32 root - INFO - Required number of columns:2
[ 2025-04-05 10:11:27,711 ] 33 root - INFO - Data frame has columns:31
[ 2025-04-05 10:11:27,711 ] 32 root - INFO - Required number of columns:2
[ 2025-04-05 10:11:27,712 ] 33 root - INFO - Data frame has columns:31
[ 2025-04-05 10:11:27,830 ] 26 root - INFO - Data validation completed
[ 2025-04-05 10:11:27,832 ] 29 root - INFO - Data Transformation started
[ 2025-04-05 10:11:27,832 ] 63 root - INFO - Entered initiate_data_transformation method of DataTransformation class
[ 2025-04-05 10:11:27,832 ] 65 root - INFO - Starting data transformation
[ 2025-04-05 10:11:27,854 ] 48 root - INFO - Entered get_data_trnasformer_object method of Trnasformation class
[ 2025-04-05 10:11:27,855 ] 53 root - INFO - Initialise KNNImputer with {'missing_values': nan, 'n_neighbors': 3, 'weights': 'uniform'}
[ 2025-04-05 10:11:27,896 ] 46 root - INFO - Entered the save_object method of MainUtils class
[ 2025-04-05 10:11:27,898 ] 50 root - INFO - Exited the save_object method of MainUtils class
[ 2025-04-05 10:11:27,899 ] 46 root - INFO - Entered the save_object method of MainUtils class
[ 2025-04-05 10:11:27,902 ] 50 root - INFO - Exited the save_object method of MainUtils class
[ 2025-04-05 10:11:27,905 ] 33 root - INFO - data Transformation completed
[ 2025-04-05 10:11:27,905 ] 35 root - INFO - Model Traning started
[ 2025-04-05 10:15:35,982 ] 46 root - INFO - Entered the save_object method of MainUtils class
[ 2025-04-05 10:15:36,018 ] 50 root - INFO - Exited the save_object method of MainUtils class
[ 2025-04-05 10:15:36,018 ] 46 root - INFO - Entered the save_object method of MainUtils class
[ 2025-04-05 10:15:36,041 ] 50 root - INFO - Exited the save_object method of MainUtils class
