[ 2025-04-05 09:46:14,767 ] 1025 httpx - INFO - HTTP Request: GET https://dagshub.com/api/v1/user "HTTP/1.1 200 OK"
[ 2025-04-05 09:46:14,774 ] 107 dagshub - INFO - Accessing as akshan09061999
[ 2025-04-05 09:46:15,510 ] 1025 httpx - INFO - HTTP Request: GET https://dagshub.com/api/v1/repos/akshan09061999/networksecurity "HTTP/1.1 200 OK"
[ 2025-04-05 09:46:16,126 ] 1025 httpx - INFO - HTTP Request: GET https://dagshub.com/api/v1/user "HTTP/1.1 200 OK"
[ 2025-04-05 09:46:16,131 ] 107 dagshub - INFO - Initialized MLflow to track repo "akshan09061999/networksecurity"
[ 2025-04-05 09:46:16,132 ] 107 dagshub - INFO - Repository akshan09061999/networksecurity initialized!
[ 2025-04-05 09:46:16,147 ] 18 root - INFO - Initiate the data ingestion
[ 2025-04-05 09:46:21,864 ] 65 root - INFO - Performed train test split on the dataframe
[ 2025-04-05 09:46:21,865 ] 67 root - INFO - Exited split_data_as_train_test method of Data_Ingestion class
[ 2025-04-05 09:46:21,865 ] 75 root - INFO - Exporting train and test file path.
[ 2025-04-05 09:46:21,908 ] 84 root - INFO - Exported train and test file path.
[ 2025-04-05 09:46:21,908 ] 20 root - INFO - Data ingestion completed
[ 2025-04-05 09:46:21,914 ] 24 root - INFO - Initiate the data validation
[ 2025-04-05 09:46:22,007 ] 32 root - INFO - Required number of columns:2
[ 2025-04-05 09:46:22,007 ] 33 root - INFO - Data frame has columns:31
[ 2025-04-05 09:46:22,008 ] 32 root - INFO - Required number of columns:2
[ 2025-04-05 09:46:22,008 ] 33 root - INFO - Data frame has columns:31
[ 2025-04-05 09:46:22,141 ] 26 root - INFO - Data validation completed
[ 2025-04-05 09:46:22,142 ] 29 root - INFO - Data Transformation started
[ 2025-04-05 09:46:22,142 ] 63 root - INFO - Entered initiate_data_transformation method of DataTransformation class
[ 2025-04-05 09:46:22,142 ] 65 root - INFO - Starting data transformation
[ 2025-04-05 09:46:22,158 ] 48 root - INFO - Entered get_data_trnasformer_object method of Trnasformation class
[ 2025-04-05 09:46:22,158 ] 53 root - INFO - Initialise KNNImputer with {'missing_values': nan, 'n_neighbors': 3, 'weights': 'uniform'}
[ 2025-04-05 09:46:22,176 ] 46 root - INFO - Entered the save_object method of MainUtils class
[ 2025-04-05 09:46:22,179 ] 50 root - INFO - Exited the save_object method of MainUtils class
[ 2025-04-05 09:46:22,179 ] 46 root - INFO - Entered the save_object method of MainUtils class
[ 2025-04-05 09:46:22,182 ] 50 root - INFO - Exited the save_object method of MainUtils class
[ 2025-04-05 09:46:22,185 ] 33 root - INFO - data Transformation completed
[ 2025-04-05 09:46:22,185 ] 35 root - INFO - Model Traning started
